// Jest Snapshot v1, https://goo.gl/fbAQLP

exports[`hap-toolkit compile native: assets list 1`] = `
"length: 96
app.js
component/basic/a/index.js
component/basic/image/index.js
component/basic/progress/index.js
component/basic/rating/index.js
component/basic/span/index.js
component/basic/text/index.js
component/container/div/index.js
component/container/list/index.js
component/container/popup/index.js
component/container/refresh/index.js
component/container/richtext/index.js
component/container/stack/index.js
component/container/swiper/index.js
component/container/tabs/index.js
component/form/input/index.js
component/form/label/index.js
component/form/multi-picker/index.js
component/form/picker/index.js
component/form/slider/index.js
component/form/switch/index.js
component/form/textarea/index.js
component/media/audio/index.js
component/media/canvas/index.js
component/media/video/index.js
component/media/web/detail/index.js
component/media/web/index.js
component/style/animation/index.js
component/style/background9image/index.js
component/style/backgroundposition/index.js
component/style/font-family/index.js
component/style/transform/index.js
component/style/translatepercent/index.js
component/thirdParty/map/index.js
framework/deeplink/index.js
framework/exit/index.js
framework/exit/pages/page1/index.js
framework/exit/pages/page2/index.js
framework/exit/pages/page3/index.js
framework/lifecycle/index.js
functionality/animationapi/index.js
functionality/ceiling/index.js
functionality/changestyle/index.js
functionality/customWeb/index.js
functionality/form/index.js
functionality/h5download/index.js
functionality/listcombination/index.js
functionality/menutop/index.js
functionality/photo/index.js
functionality/postMessage/index.js
functionality/qrcode/index.js
functionality/simulate-swipe/index.js
functionality/template/elec-business/index.js
functionality/titlebar/index.js
functionality/verification/index.js
functionality/web/index.js
home/index.js
interface/system/app/index.js
interface/system/battery/index.js
interface/system/brightness/index.js
interface/system/calendar/index.js
interface/system/clipboard/index.js
interface/system/contact/index.js
interface/system/device/index.js
interface/system/fetch/index.js
interface/system/file/index.js
interface/system/filerw/index.js
interface/system/forbid/index.js
interface/system/geolocation/index.js
interface/system/image/index.js
interface/system/media/index.js
interface/system/network/index.js
interface/system/notification/index.js
interface/system/package/index.js
interface/system/prompt/index.js
interface/system/qrcode/index.js
interface/system/record/index.js
interface/system/request/index.js
interface/system/router/detail/index.js
interface/system/router/index.js
interface/system/sensor/index.js
interface/system/share/index.js
interface/system/shortcut/index.js
interface/system/sms/index.js
interface/system/storage/index.js
interface/system/vibrator/index.js
interface/system/volume/index.js
interface/system/websocket/index.js
interface/system/webview/index.js
interface/system/wifi/index.js
interface/thirdparty/alipay/index.js
interface/thirdparty/qqaccount/index.js
interface/thirdparty/serviceshare/index.js
interface/thirdparty/wbaccount/index.js
interface/thirdparty/wxaccount/index.js
interface/thirdparty/wxpay/index.js"
`;
